::ffff:127.0.0.1 - - [21/Oct/2025:05:59:47 +0000] "GET / HTTP/1.1" 200 11 "-" "-"
::ffff:127.0.0.1 - - [21/Oct/2025:05:59:47 +0000] "GET /api/v1/health HTTP/1.1" 200 91 "-" "-"
::1 - - [21/Oct/2025:06:02:38 +0000] "GET /api/v1/users/:id%20 HTTP/1.1" 403 128 "-" "PostmanRuntime/7.49.0"
::1 - - [21/Oct/2025:06:03:47 +0000] "POST /api/v1/admin/setCustomClaims HTTP/1.1" 500 131 "-" "PostmanRuntime/7.49.0"
::1 - - [21/Oct/2025:06:04:42 +0000] "POST /api/v1/admin/setCustomClaims HTTP/1.1" 500 131 "-" "PostmanRuntime/7.49.0"
::1 - - [21/Oct/2025:06:05:00 +0000] "POST /api/v1/admin/setCustomClaims HTTP/1.1" 500 131 "-" "PostmanRuntime/7.49.0"
::1 - - [21/Oct/2025:06:05:52 +0000] "POST /api/v1/admin/setCustomClaims HTTP/1.1" 403 128 "-" "PostmanRuntime/7.49.0"
::1 - - [21/Oct/2025:06:05:53 +0000] "POST /api/v1/admin/setCustomClaims HTTP/1.1" 403 128 "-" "PostmanRuntime/7.49.0"
::1 - - [21/Oct/2025:06:07:39 +0000] "POST /api/v1/admin/setCustomClaims HTTP/1.1" 500 131 "-" "PostmanRuntime/7.49.0"
::1 - - [21/Oct/2025:06:10:23 +0000] "PUT /api/v1/loans/loan_123/approve HTTP/1.1" 401 345 "-" "PostmanRuntime/7.49.0"
::1 - - [21/Oct/2025:06:10:25 +0000] "PUT /api/v1/loans/loan_123/approve HTTP/1.1" 401 345 "-" "PostmanRuntime/7.49.0"
::1 - - [21/Oct/2025:06:10:26 +0000] "PUT /api/v1/loans/loan_123/approve HTTP/1.1" 401 345 "-" "PostmanRuntime/7.49.0"
::1 - - [21/Oct/2025:06:10:35 +0000] "PUT /api/v1/loans/loan_123/approve HTTP/1.1" 403 128 "-" "PostmanRuntime/7.49.0"
::1 - - [21/Oct/2025:06:10:44 +0000] "PUT /api/v1/loans/loan_123/review HTTP/1.1" 401 345 "-" "PostmanRuntime/7.49.0"
::1 - - [21/Oct/2025:06:10:48 +0000] "PUT /api/v1/loans/loan_123/review HTTP/1.1" 403 128 "-" "PostmanRuntime/7.49.0"
::1 - - [21/Oct/2025:06:10:54 +0000] "DELETE /api/v1/loans/loan_123 HTTP/1.1" 200 83 "-" "PostmanRuntime/7.49.0"
::1 - - [21/Oct/2025:06:17:54 +0000] "POST /api/v1/loans HTTP/1.1" 403 128 "-" "PostmanRuntime/7.49.0"
::1 - - [21/Oct/2025:06:18:13 +0000] "POST /api/v1/loans HTTP/1.1" 401 339 "-" "PostmanRuntime/7.49.0"
::1 - - [21/Oct/2025:06:19:11 +0000] "POST /api/v1/loans HTTP/1.1" 403 128 "-" "PostmanRuntime/7.49.0"
::1 - - [21/Oct/2025:06:19:22 +0000] "POST /api/v1/admin/setCustomClaims HTTP/1.1" 500 131 "-" "PostmanRuntime/7.49.0"
::1 - - [21/Oct/2025:06:20:02 +0000] "POST /api/v1/admin/setCustomClaims HTTP/1.1" 500 131 "-" "PostmanRuntime/7.49.0"
::1 - - [21/Oct/2025:06:20:21 +0000] "POST /api/v1/admin/setCustomClaims HTTP/1.1" 500 131 "-" "PostmanRuntime/7.49.0"
::1 - - [21/Oct/2025:06:20:37 +0000] "POST /api/v1/admin/setCustomClaims HTTP/1.1" 500 131 "-" "PostmanRuntime/7.49.0"
::1 - - [21/Oct/2025:06:22:13 +0000] "POST /api/v1/admin/setCustomClaims HTTP/1.1" 500 131 "-" "PostmanRuntime/7.49.0"
::1 - - [21/Oct/2025:06:35:41 +0000] "POST /api/v1/admin/setCustomClaims HTTP/1.1" 200 101 "-" "PostmanRuntime/7.49.0"
::1 - - [21/Oct/2025:06:37:29 +0000] "POST /api/v1/admin/setCustomClaims HTTP/1.1" 200 102 "-" "PostmanRuntime/7.49.0"
::1 - - [21/Oct/2025:06:44:03 +0000] "GET /api/v1/users/D92vQYB3TjgkN96wqAo4QJL7mQF3 HTTP/1.1" 401 136 "-" "PostmanRuntime/7.49.0"
::1 - - [21/Oct/2025:06:44:25 +0000] "POST /api/v1/admin/setCustomClaims HTTP/1.1" 500 131 "-" "PostmanRuntime/7.49.0"
::1 - - [21/Oct/2025:06:44:40 +0000] "POST /api/v1/admin/setCustomClaims HTTP/1.1" 500 131 "-" "PostmanRuntime/7.49.0"
::1 - - [21/Oct/2025:06:44:44 +0000] "GET /api/v1/users/D92vQYB3TjgkN96wqAo4QJL7mQF3 HTTP/1.1" 401 136 "-" "PostmanRuntime/7.49.0"
::1 - - [21/Oct/2025:06:44:51 +0000] "GET /api/v1/users/D92vQYB3TjgkN96wqAo4QJL7mQF3 HTTP/1.1" 200 403 "-" "PostmanRuntime/7.49.0"
::1 - - [21/Oct/2025:06:45:41 +0000] "POST /api/v1/admin/setCustomClaims HTTP/1.1" 404 163 "-" "PostmanRuntime/7.49.0"
::1 - - [21/Oct/2025:06:45:56 +0000] "POST /api/admin/setCustomClaims HTTP/1.1" 200 104 "-" "PostmanRuntime/7.49.0"
::1 - - [21/Oct/2025:06:46:06 +0000] "POST /api/v1//admin/setCustomClaims HTTP/1.1" 200 104 "-" "PostmanRuntime/7.49.0"
::1 - - [21/Oct/2025:06:46:25 +0000] "GET /api/v1/users/NC4LHxxaCIhrD2y1vUPxHchwiNS2 HTTP/1.1" 200 461 "-" "PostmanRuntime/7.49.0"
::1 - - [21/Oct/2025:06:46:29 +0000] "GET /api/v1/users/9J6RxdlzK2eSwKr7LLvr9Gg3kKA2 HTTP/1.1" 200 415 "-" "PostmanRuntime/7.49.0"
::1 - - [21/Oct/2025:06:46:34 +0000] "GET /api/v1/users/kXrC1CsECCacVMOz6kMDSiR2xDw1 HTTP/1.1" 200 415 "-" "PostmanRuntime/7.49.0"
::1 - - [21/Oct/2025:06:49:20 +0000] "POST /api/v1/admin/setCustomClaims HTTP/1.1" 200 107 "-" "PostmanRuntime/7.49.0"
::1 - - [21/Oct/2025:06:49:44 +0000] "POST /api/v1/admin/setCustomClaims HTTP/1.1" 200 107 "-" "PostmanRuntime/7.49.0"
::1 - - [21/Oct/2025:06:50:14 +0000] "GET /api/v1/users/9J6RxdlzK2eSwKr7LLvr9Gg3kKA2 HTTP/1.1" 200 415 "-" "PostmanRuntime/7.49.0"
::1 - - [21/Oct/2025:06:50:20 +0000] "POST /api/v1/admin/setCustomClaims HTTP/1.1" 200 107 "-" "PostmanRuntime/7.49.0"
::1 - - [21/Oct/2025:06:50:23 +0000] "GET /api/v1/users/9J6RxdlzK2eSwKr7LLvr9Gg3kKA2 HTTP/1.1" 200 413 "-" "PostmanRuntime/7.49.0"
::1 - - [21/Oct/2025:06:50:28 +0000] "POST /api/v1/admin/setCustomClaims HTTP/1.1" 200 107 "-" "PostmanRuntime/7.49.0"
::1 - - [21/Oct/2025:06:50:45 +0000] "PUT /api/v1/loans/loan_123/approve HTTP/1.1" 403 128 "-" "PostmanRuntime/7.49.0"
::1 - - [21/Oct/2025:06:54:59 +0000] "POST /api/v1/admin/setCustomClaims HTTP/1.1" 200 107 "-" "PostmanRuntime/7.49.0"
::1 - - [21/Oct/2025:06:55:32 +0000] "POST /api/v1/admin/setCustomClaims HTTP/1.1" 200 107 "-" "PostmanRuntime/7.49.0"
::1 - - [21/Oct/2025:06:56:20 +0000] "GET /api/v1/loans HTTP/1.1" 200 163 "-" "PostmanRuntime/7.49.0"
::1 - - [21/Oct/2025:06:56:24 +0000] "POST /api/v1/loans HTTP/1.1" 403 128 "-" "PostmanRuntime/7.49.0"
::1 - - [21/Oct/2025:06:56:38 +0000] "POST /api/v1/loans HTTP/1.1" 201 180 "-" "PostmanRuntime/7.49.0"
::1 - - [21/Oct/2025:06:57:44 +0000] "PUT /api/v1/loans/loan_123/review HTTP/1.1" 403 128 "-" "PostmanRuntime/7.49.0"
::1 - - [21/Oct/2025:06:58:19 +0000] "PUT /api/v1/loans/loan_123/review HTTP/1.1" 403 135 "-" "PostmanRuntime/7.49.0"
::1 - - [21/Oct/2025:06:59:15 +0000] "PUT /api/v1/loans/loan_123/approve HTTP/1.1" 403 128 "-" "PostmanRuntime/7.49.0"
::1 - - [21/Oct/2025:06:59:29 +0000] "PUT /api/v1/loans/loan_123/approve HTTP/1.1" 200 158 "-" "PostmanRuntime/7.49.0"
::1 - - [21/Oct/2025:07:00:47 +0000] "GET /api/v1/loans HTTP/1.1" 200 265 "-" "PostmanRuntime/7.49.0"
::1 - - [21/Oct/2025:07:01:37 +0000] "GET /api/v1/loans/loan_123 HTTP/1.1" 403 135 "-" "PostmanRuntime/7.49.0"
::1 - - [21/Oct/2025:07:02:39 +0000] "PUT /api/v1/loans/loan_123/review HTTP/1.1" 403 135 "-" "PostmanRuntime/7.49.0"
::1 - - [21/Oct/2025:07:02:49 +0000] "GET /api/v1/users/kXrC1CsECCacVMOz6kMDSiR2xDw1 HTTP/1.1" 200 469 "-" "PostmanRuntime/7.49.0"
::1 - - [21/Oct/2025:07:03:01 +0000] "POST /api/v1/admin/setCustomClaims HTTP/1.1" 200 107 "-" "PostmanRuntime/7.49.0"
::1 - - [21/Oct/2025:07:03:06 +0000] "PUT /api/v1/loans/loan_123/review HTTP/1.1" 403 135 "-" "PostmanRuntime/7.49.0"
::1 - - [21/Oct/2025:07:03:26 +0000] "GET /api/v1/users/kXrC1CsECCacVMOz6kMDSiR2xDw1 HTTP/1.1" 200 469 "-" "PostmanRuntime/7.49.0"
::1 - - [21/Oct/2025:07:03:55 +0000] "GET /api/v1/loans HTTP/1.1" 200 265 "-" "PostmanRuntime/7.49.0"
::1 - - [21/Oct/2025:07:03:57 +0000] "GET /api/v1/loans/loan_123 HTTP/1.1" 403 135 "-" "PostmanRuntime/7.49.0"
::1 - - [21/Oct/2025:07:04:34 +0000] "GET /api/v1/loans/loan_123 HTTP/1.1" 403 135 "-" "PostmanRuntime/7.49.0"
::1 - - [21/Oct/2025:07:04:51 +0000] "GET /api/v1/loans/ HTTP/1.1" 200 163 "-" "PostmanRuntime/7.49.0"
::1 - - [21/Oct/2025:07:05:09 +0000] "PUT /api/v1/loans/loan_123/review HTTP/1.1" 403 135 "-" "PostmanRuntime/7.49.0"
::1 - - [21/Oct/2025:07:05:57 +0000] "PUT /api/v1/loans/loan_123/review HTTP/1.1" 403 135 "-" "PostmanRuntime/7.49.0"
::1 - - [21/Oct/2025:07:06:07 +0000] "PUT /api/v1/loans/loan_123/review HTTP/1.1" 403 135 "-" "PostmanRuntime/7.49.0"
::1 - - [21/Oct/2025:07:06:10 +0000] "PUT /api/v1/loans/loan_123/approve HTTP/1.1" 200 158 "-" "PostmanRuntime/7.49.0"
::1 - - [21/Oct/2025:07:06:11 +0000] "PUT /api/v1/loans/loan_123/approve HTTP/1.1" 200 158 "-" "PostmanRuntime/7.49.0"
::1 - - [21/Oct/2025:07:06:16 +0000] "PUT /api/v1/loans/loan_123 HTTP/1.1" 401 345 "-" "PostmanRuntime/7.49.0"
::1 - - [21/Oct/2025:07:06:26 +0000] "PUT /api/v1/loans/loan_123/approve HTTP/1.1" 403 135 "-" "PostmanRuntime/7.49.0"
::1 - - [21/Oct/2025:07:08:54 +0000] "POST /api/v1/admin/setCustomClaims HTTP/1.1" 403 135 "-" "PostmanRuntime/7.49.0"
::1 - - [21/Oct/2025:07:09:09 +0000] "POST /api/v1/admin/setCustomClaims HTTP/1.1" 403 135 "-" "PostmanRuntime/7.49.0"
::1 - - [21/Oct/2025:07:09:41 +0000] "POST /api/v1/admin/setCustomClaims HTTP/1.1" 200 107 "-" "PostmanRuntime/7.49.0"
::1 - - [21/Oct/2025:07:10:22 +0000] "PUT /api/v1/loans/loan_123/review HTTP/1.1" 200 156 "-" "PostmanRuntime/7.49.0"
::1 - - [21/Oct/2025:07:18:24 +0000] "POST /api/v1/loans/loan_123/review HTTP/1.1" 404 168 "-" "PostmanRuntime/7.49.0"
::1 - - [21/Oct/2025:07:19:04 +0000] "PUT /api/v1/loans/loan_123/approve HTTP/1.1" 403 135 "-" "PostmanRuntime/7.49.0"
::1 - - [21/Oct/2025:07:19:08 +0000] "POST /api/v1/loans/loan_123/review HTTP/1.1" 200 156 "-" "PostmanRuntime/7.49.0"
::1 - - [21/Oct/2025:07:19:25 +0000] "PUT /api/v1/loans/loan_123/review HTTP/1.1" 404 167 "-" "PostmanRuntime/7.49.0"
